To honour the JVM settings for this build a single-use Daemon process will be forked. For more on this, please refer to https://docs.gradle.org/8.8/userguide/gradle_daemon.html#sec:disabling_the_daemon in the Gradle documentation.
Daemon will be stopped at the end of the build 

> Configure project :
Java: 21.0.10, JVM: 21.0.10+8-LTS-217 (Oracle Corporation), Arch: amd64

> Task :compileJava
.\gradlew.bat : G:\TinkersNewlife\src\main\java\com\mofengbaizhi\tinkersnewlife\client\renderer\ShikigamiRenderer.java:
13: ����: �Ҳ�������
所在位置 行:1 字符: 129
+ ... ew($false); .\gradlew.bat compileJava --offline --console=plain 2>&1  ...
+                 ~~~~~~~~~~~~~~~~~~~~~~~~~~~~~~~~~~~~~~~~~~~~~~~~~~~~~~~~
    + CategoryInfo          : NotSpecified: (G:\TinkersNewli...����: �Ҳ�������:String) [], RemoteException
    + FullyQualifiedErrorId : NativeCommandError
 
import net.minecraft.client.model.ModelPart;
                                 ^
  ����:   �� ModelPart
  λ��: ����� net.minecraft.client.model
G:\TinkersNewlife\src\main\java\com\mofengbaizhi\tinkersnewlife\client\renderer\ShikigamiRenderer.java:110: ����: �Ҳ���
����
    private static ModelPart buildSerpent() {
                   ^
  ����:   �� ModelPart
  λ��: �� ShikigamiRenderer
G:\TinkersNewlife\src\main\java\com\mofengbaizhi\tinkersnewlife\client\renderer\ShikigamiRenderer.java:120: ����: �Ҳ���
����
    private static ModelPart buildElephant() {
                   ^
  ����:   �� ModelPart
  λ��: �� ShikigamiRenderer
G:\TinkersNewlife\src\main\java\com\mofengbaizhi\tinkersnewlife\client\renderer\ShikigamiRenderer.java:132: ����: �Ҳ���
����
    private static ModelPart buildMahoraga() {
                   ^
  ����:   �� ModelPart
  λ��: �� ShikigamiRenderer
G:\TinkersNewlife\src\main\java\com\mofengbaizhi\tinkersnewlife\client\renderer\ShikigamiRenderer.java:150: ����: �Ҳ���
����
        private final ModelPart root;
                      ^
  ����:   �� ModelPart
  λ��: �� BoxModel
G:\TinkersNewlife\src\main\java\com\mofengbaizhi\tinkersnewlife\client\renderer\ShikigamiRenderer.java:151: ����: �Ҳ���
����
        BoxModel(ModelPart root) {
                 ^
  ����:   �� ModelPart
  λ��: �� BoxModel
G:\TinkersNewlife\src\main\java\com\mofengbaizhi\tinkersnewlife\content\curse\shikigami\ShikigamiType.java:20: ����: �޷
���ö�� ShikigamiType�еĹ����� ShikigamiTypeӦ�õ���������;
    DOG        ("dog",          "��Ȯ",       1.0,  30,  6, 0.30, 0.9,  1.0F),
               ^
  ��Ҫ: String,String,double,double,double,double,float
  �ҵ�:    String,String,double,int,int,double,double,float
  ԭ��: ʵ�ʲ����б����ʽ�����б���Ȳ�ͬ
G:\TinkersNewlife\src\main\java\com\mofengbaizhi\tinkersnewlife\content\curse\shikigami\ShikigamiType.java:21: ����: �޷
���ö�� ShikigamiType�еĹ����� ShikigamiTypeӦ�õ���������;
    NUE        ("nue",          "�w",         1.5,  25,  8, 0.35, 0.8,  2.5F),
               ^
  ��Ҫ: String,String,double,double,double,double,float
  �ҵ�:    String,String,double,int,int,double,double,float
  ԭ��: ʵ�ʲ����б����ʽ�����б���Ȳ�ͬ
G:\TinkersNewlife\src\main\java\com\mofengbaizhi\tinkersnewlife\content\curse\shikigami\ShikigamiType.java:22: ����: �޷
���ö�� ShikigamiType�еĹ����� ShikigamiTypeӦ�õ���������;
    SERPENT    ("serpent",      "����",       2.0,  55,  9, 0.25, 1.4,  3.0F),
               ^
  ��Ҫ: String,String,double,double,double,double,float
  �ҵ�:    String,String,double,int,int,double,double,float
  ԭ��: ʵ�ʲ����б����ʽ�����б���Ȳ�ͬ
G:\TinkersNewlife\src\main\java\com\mofengbaizhi\tinkersnewlife\content\curse\shikigami\ShikigamiType.java:23: ����: �޷
���ö�� ShikigamiType�еĹ����� ShikigamiTypeӦ�õ���������;
    TOAD       ("toad",         "���",       2.0,  60,  7, 0.20, 1.3,  2.0F),
               ^
  ��Ҫ: String,String,double,double,double,double,float
  �ҵ�:    String,String,double,int,int,double,double,float
  ԭ��: ʵ�ʲ����б����ʽ�����б���Ȳ�ͬ
G:\TinkersNewlife\src\main\java\com\mofengbaizhi\tinkersnewlife\content\curse\shikigami\ShikigamiType.java:24: ����: �޷
���ö�� ShikigamiType�еĹ����� ShikigamiTypeӦ�õ���������;
    ELEPHANT   ("elephant",     "����",       3.0,  90, 12, 0.20, 2.2,  6.0F),
               ^
  ��Ҫ: String,String,double,double,double,double,float
  �ҵ�:    String,String,double,int,int,double,double,float
  ԭ��: ʵ�ʲ����б����ʽ�����б���Ȳ�ͬ
G:\TinkersNewlife\src\main\java\com\mofengbaizhi\tinkersnewlife\content\curse\shikigami\ShikigamiType.java:25: ����: �޷
���ö�� ShikigamiType�еĹ����� ShikigamiTypeӦ�õ���������;
    RABBIT     ("rabbit_escape","����",       1.0,  10,  1, 0.40, 0.5,  1.5F),
               ^
  ��Ҫ: String,String,double,double,double,double,float
  �ҵ�:    String,String,double,int,int,double,double,float
  ԭ��: ʵ�ʲ����б����ʽ�����б���Ȳ�ͬ
G:\TinkersNewlife\src\main\java\com\mofengbaizhi\tinkersnewlife\content\curse\shikigami\ShikigamiType.java:26: ����: �޷
���ö�� ShikigamiType�еĹ����� ShikigamiTypeӦ�õ���������;
    DEER       ("deer",         "Բ¹",       2.0,  40,  4, 0.30, 1.1,  2.0F),
               ^
  ��Ҫ: String,String,double,double,double,double,float
  �ҵ�:    String,String,double,int,int,double,double,float
  ԭ��: ʵ�ʲ����б����ʽ�����б���Ȳ�ͬ
G:\TinkersNewlife\src\main\java\com\mofengbaizhi\tinkersnewlife\content\curse\shikigami\ShikigamiType.java:27: ����: �޷
���ö�� ShikigamiType�еĹ����� ShikigamiTypeӦ�õ���������;
    OX         ("ox",           "��ţ",       2.0,  70, 10, 0.35, 1.6,  3.0F),
               ^
  ��Ҫ: String,String,double,double,double,double,float
  �ҵ�:    String,String,double,int,int,double,double,float
  ԭ��: ʵ�ʲ����б����ʽ�����б���Ȳ�ͬ
G:\TinkersNewlife\src\main\java\com\mofengbaizhi\tinkersnewlife\content\curse\shikigami\ShikigamiType.java:28: ����: �޷
���ö�� ShikigamiType�еĹ����� ShikigamiTypeӦ�õ���������;
    TIGER      ("tiger",        "����",       2.0,  80, 16, 0.28, 1.8,  4.0F),
               ^
  ��Ҫ: String,String,double,double,double,double,float
  �ҵ�:    String,String,double,int,int,double,double,float
  ԭ��: ʵ�ʲ����б����ʽ�����б���Ȳ�ͬ
G:\TinkersNewlife\src\main\java\com\mofengbaizhi\tinkersnewlife\content\curse\shikigami\ShikigamiType.java:29: ����: �޷
���ö�� ShikigamiType�еĹ����� ShikigamiTypeӦ�õ���������;
    MAHORAGA   ("mahoraga",     "ħ����",     2.5, 150, 20, 0.30, 2.0, 10.0F);
               ^
  ��Ҫ: String,String,double,double,double,double,float
  �ҵ�:    String,String,double,int,int,double,double,float
  ԭ��: ʵ�ʲ����б����ʽ�����б���Ȳ�ͬ
G:\TinkersNewlife\src\main\java\com\mofengbaizhi\tinkersnewlife\client\ClientEventHandler.java:51: ����: [removal] Item
BlockRenderTypes �е� setRenderLayer(Block,RenderType) �ѹ�ʱ, �ұ��Ϊ��ɾ��
            net.minecraft.client.renderer.ItemBlockRenderTypes.setRenderLayer(
                                                              ^
G:\TinkersNewlife\src\main\java\com\mofengbaizhi\tinkersnewlife\client\renderer\ShikigamiRenderer.java:35: ����: [remov
al] ResourceLocation �е� ResourceLocation(String,String) �ѹ�ʱ, �ұ��Ϊ��ɾ��
            new ResourceLocation("tinkersnewlife", "textures/entity/shikigami/white.png");
            ^
G:\TinkersNewlife\src\main\java\com\mofengbaizhi\tinkersnewlife\client\renderer\ShikigamiRenderer.java:49: ����: �Ҳ����
���
        wolf = new WolfModel(WolfModel.createBodyLayer().bake());
                                                        ^
  ����:   ���� bake()
  λ��: �� LayerDefinition
G:\TinkersNewlife\src\main\java\com\mofengbaizhi\tinkersnewlife\client\renderer\ShikigamiRenderer.java:50: ����: �Ҳ����
���
        bat = new BatModel(BatModel.createBodyLayer().bake());
                                                     ^
  ����:   ���� bake()
  λ��: �� LayerDefinition
G:\TinkersNewlife\src\main\java\com\mofengbaizhi\tinkersnewlife\client\renderer\ShikigamiRenderer.java:51: ����: �Ҳ����
���
        frog = new FrogModel(FrogModel.createBodyLayer().bake());
                                                        ^
  ����:   ���� bake()
  λ��: �� LayerDefinition
G:\TinkersNewlife\src\main\java\com\mofengbaizhi\tinkersnewlife\client\renderer\ShikigamiRenderer.java:52: ����: �Ҳ����
���
        rabbit = new RabbitModel(RabbitModel.createBodyLayer().bake());
                                                              ^
  ����:   ���� bake()
  λ��: �� LayerDefinition
G:\TinkersNewlife\src\main\java\com\mofengbaizhi\tinkersnewlife\client\renderer\ShikigamiRenderer.java:53: ����: �Ҳ����
���
        cow = new CowModel(CowModel.createBodyLayer().bake());
                                                     ^
  ����:   ���� bake()
  λ��: �� LayerDefinition
G:\TinkersNewlife\src\main\java\com\mofengbaizhi\tinkersnewlife\client\renderer\ShikigamiRenderer.java:54: ����: �Ҳ����
���
        goat = new GoatModel(GoatModel.createBodyLayer().bake());
                                                        ^
  ����:   ���� bake()
  λ��: �� LayerDefinition
G:\TinkersNewlife\src\main\java\com\mofengbaizhi\tinkersnewlife\client\renderer\ShikigamiRenderer.java:111: ����: �����
ݵ�����: CubeListBuilder�޷�ת��ΪMeshDefinition
        PartDefinition root = LayerDefinition.create(CubeListBuilder.create(), 64, 64).getRoot();
                                                                           ^
G:\TinkersNewlife\src\main\java\com\mofengbaizhi\tinkersnewlife\client\renderer\ShikigamiRenderer.java:117: ����: �޷���
�� PartDefinition�еķ��� bakeӦ�õ���������;
        return root.bake();
                   ^
  ��Ҫ: int,int
  �ҵ�:    û�в���
  ԭ��: ʵ�ʲ����б����ʽ�����б���Ȳ�ͬ
G:\TinkersNewlife\src\main\java\com\mofengbaizhi\tinkersnewlife\client\renderer\ShikigamiRenderer.java:121: ����: �����
ݵ�����: CubeListBuilder�޷�ת��ΪMeshDefinition
        PartDefinition root = LayerDefinition.create(CubeListBuilder.create(), 64, 64).getRoot();
                                                                           ^
G:\TinkersNewlife\src\main\java\com\mofengbaizhi\tinkersnewlife\client\renderer\ShikigamiRenderer.java:129: ����: �޷���
�� PartDefinition�еķ��� bakeӦ�õ���������;
        return root.bake();
                   ^
  ��Ҫ: int,int
  �ҵ�:    û�в���
  ԭ��: ʵ�ʲ����б����ʽ�����б���Ȳ�ͬ
G:\TinkersNewlife\src\main\java\com\mofengbaizhi\tinkersnewlife\client\renderer\ShikigamiRenderer.java:133: ����: �����
ݵ�����: CubeListBuilder�޷�ת��ΪMeshDefinition
        PartDefinition root = LayerDefinition.create(CubeListBuilder.create(), 64, 64).getRoot();
                                                                           ^
G:\TinkersNewlife\src\main\java\com\mofengbaizhi\tinkersnewlife\client\renderer\ShikigamiRenderer.java:145: ����: �޷���
�� PartDefinition�еķ��� bakeӦ�õ���������;
        return root.bake();
                   ^
  ��Ҫ: int,int
  �ҵ�:    û�в���
  ԭ��: ʵ�ʲ����б����ʽ�����б���Ȳ�ͬ
G:\TinkersNewlife\src\main\java\com\mofengbaizhi\tinkersnewlife\content\entity\ShikigamiEntity.java:120: ����: �޷����� 
Mob�еķ��� setPersistenceRequiredӦ�õ���������;
        setPersistenceRequired(true);
        ^
  ��Ҫ: û�в���
  �ҵ�:    boolean
  ԭ��: ʵ�ʲ����б����ʽ�����б���Ȳ�ͬ
G:\TinkersNewlife\src\main\java\com\mofengbaizhi\tinkersnewlife\content\entity\ShikigamiEntity.java:149: ����: �����ݵ��
���: UUID�޷�ת��Ϊint
        Entity e = level().getEntity(ownerId);
                                     ^
G:\TinkersNewlife\src\main\java\com\mofengbaizhi\tinkersnewlife\content\entity\ShikigamiEntity.java:222: ����: �����ݵ��
���: UUID�޷�ת��Ϊint
        LivingEntity locked = lockedId != null && level().getEntity(lockedId) instanceof LivingEntity le ? le : null;
                                                                    ^
G:\TinkersNewlife\src\main\java\com\mofengbaizhi\tinkersnewlife\content\entity\ShikigamiEntity.java:233: ����: �����ݵ��
���: UUID�޷�ת��Ϊint
        LivingEntity locked = lockedId != null && level().getEntity(lockedId) instanceof LivingEntity le ? le : null;
                                                                    ^
G:\TinkersNewlife\src\main\java\com\mofengbaizhi\tinkersnewlife\content\entity\ShikigamiEntity.java:394: ����: �Ҳ������
�
            level().sendParticles(ParticleTypes.HEART, owner.getX(), owner.getY() + 1.2, owner.getZ(), 4, 0.4, 0.3, 0.4
, 0);
                   ^
  ����:   ���� sendParticles(SimpleParticleType,double,double,double,int,double,double,double,int)
  λ��: �� Level
G:\TinkersNewlife\src\main\java\com\mofengbaizhi\tinkersnewlife\client\SilentGloveScreen.java:14: ����: [removal] Resou
rceLocation �е� ResourceLocation(String,String) �ѹ�ʱ, �ұ��Ϊ��ɾ��
            new ResourceLocation(TinkersNewlife.MOD_ID, "textures/gui/silent_glove.png");
            ^
G:\TinkersNewlife\src\main\java\com\mofengbaizhi\tinkersnewlife\compat\jei\TinkersNewlifeJeiPlugin.java:28: ����: [remo
val] ResourceLocation �е� ResourceLocation(String,String) �ѹ�ʱ, �ұ��Ϊ��ɾ��
        return new ResourceLocation(TinkersNewlife.MOD_ID, "jei_plugin");
               ^
G:\TinkersNewlife\src\main\java\com\mofengbaizhi\tinkersnewlife\content\curse\CursePowerHelper.java:47: ����: [removal]
 ResourceLocation �е� ResourceLocation(String,String) �ѹ�ʱ, �ұ��Ϊ��ɾ��
            new ResourceLocation(TinkersNewlife.MOD_ID, "curse_affinity");
            ^
G:\TinkersNewlife\src\main\java\com\mofengbaizhi\tinkersnewlife\content\curse\FuMoYuChuZiDomain.java:40: ����: [removal
] ResourceLocation �е� ResourceLocation(String,String) �ѹ�ʱ, �ұ��Ϊ��ɾ��
            new net.minecraft.resources.ResourceLocation(com.mofengbaizhi.tinkersnewlife.TinkersNewlife.MOD_ID, "fumo_y
uchuzi"));
            ^
G:\TinkersNewlife\src\main\java\com\mofengbaizhi\tinkersnewlife\content\curse\ZuoShaBoTuDomain.java:30: ����: [removal]
 ResourceLocation �е� ResourceLocation(String,String) �ѹ�ʱ, �ұ��Ϊ��ɾ��
            new net.minecraft.resources.ResourceLocation(com.mofengbaizhi.tinkersnewlife.TinkersNewlife.MOD_ID, "zuosha
_botu"));
            ^
G:\TinkersNewlife\src\main\java\com\mofengbaizhi\tinkersnewlife\content\handler\BlackFlashHandler.java:32: ����: [remov
al] ResourceLocation �е� ResourceLocation(String,String) �ѹ�ʱ, �ұ��Ϊ��ɾ��
            new ResourceLocation(TinkersNewlife.MOD_ID, "black_flash")
            ^
G:\TinkersNewlife\src\main\java\com\mofengbaizhi\tinkersnewlife\content\handler\BlackFlashHandler.java:37: ����: [remov
al] ResourceLocation �е� ResourceLocation(String,String) �ѹ�ʱ, �ұ��Ϊ��ɾ��
            new ResourceLocation(TinkersNewlife.MOD_ID, "west_tiger")
            ^
G:\TinkersNewlife\src\main\java\com\mofengbaizhi\tinkersnewlife\content\handler\CharmHandler.java:31: ����: [removal] R
esourceLocation �е� ResourceLocation(String,String) �ѹ�ʱ, �ұ��Ϊ��ɾ��
    private static final ModifierId CHARM_ID = new ModifierId(new ResourceLocation(TinkersNewlife.MOD_ID, "charm"));
                                                              ^
G:\TinkersNewlife\src\main\java\com\mofengbaizhi\tinkersnewlife\content\handler\CharmHandler.java:32: ����: [removal] R
esourceLocation �е� ResourceLocation(String,String) �ѹ�ʱ, �ұ��Ϊ��ɾ��
    private static final ResourceLocation KEY_LAST_CHARM_TIME = new ResourceLocation(TinkersNewlife.MOD_ID, "last_charm
_time");
                                                                ^
G:\TinkersNewlife\src\main\java\com\mofengbaizhi\tinkersnewlife\content\handler\ChildOfTheStarsHandler.java:18: ����: [
removal] ResourceLocation �е� ResourceLocation(String,String) �ѹ�ʱ, �ұ��Ϊ��ɾ��
            new ResourceLocation(TinkersNewlife.MOD_ID, "child_of_the_stars")
            ^
G:\TinkersNewlife\src\main\java\com\mofengbaizhi\tinkersnewlife\content\handler\CosmicHandler.java:19: ����: [removal] 
ResourceLocation �е� ResourceLocation(String,String) �ѹ�ʱ, �ұ��Ϊ��ɾ��
    private static final ModifierId COSMIC_ORDER_VOICE = new ModifierId(new ResourceLocation(TinkersNewlife.MOD_ID, "co
smic_order_voice"));
                                                                        ^
G:\TinkersNewlife\src\main\java\com\mofengbaizhi\tinkersnewlife\content\handler\DragonBloodTankHandler.java:37: ����: [
removal] ResourceLocation �е� ResourceLocation(String,String) �ѹ�ʱ, �ұ��Ϊ��ɾ��
    private static final ResourceLocation DRAGON_MULTIPART = new ResourceLocation("iceandfire", "dragon_multipart");
                                                             ^
G:\TinkersNewlife\src\main\java\com\mofengbaizhi\tinkersnewlife\content\modifier\DragonBloodTankTrait.java:32: ����: [r
emoval] ResourceLocation �е� ResourceLocation(String,String) �ѹ�ʱ, �ұ��Ϊ��ɾ��
    private static final ResourceLocation KEY_TANK = new ResourceLocation(TinkersNewlife.MOD_ID, "dragon_blood_tank");
                                                     ^
G:\TinkersNewlife\src\main\java\com\mofengbaizhi\tinkersnewlife\content\modifier\DragonBloodTankTrait.java:35: ����: [r
emoval] ResourceLocation �е� ResourceLocation(String,String) �ѹ�ʱ, �ұ��Ϊ��ɾ��
            new ResourceLocation(TinkersNewlife.MOD_ID, "fire_blood_still");
            ^
G:\TinkersNewlife\src\main\java\com\mofengbaizhi\tinkersnewlife\content\modifier\DragonBloodTankTrait.java:37: ����: [r
emoval] ResourceLocation �е� ResourceLocation(String,String) �ѹ�ʱ, �ұ��Ϊ��ɾ��
            new ResourceLocation(TinkersNewlife.MOD_ID, "ice_blood_still");
            ^
G:\TinkersNewlife\src\main\java\com\mofengbaizhi\tinkersnewlife\content\modifier\DragonBloodTankTrait.java:39: ����: [r
emoval] ResourceLocation �е� ResourceLocation(String,String) �ѹ�ʱ, �ұ��Ϊ��ɾ��
            new ResourceLocation(TinkersNewlife.MOD_ID, "lightning_blood_still");
            ^
G:\TinkersNewlife\src\main\java\com\mofengbaizhi\tinkersnewlife\content\handler\DragonStaffHandler.java:48: ����: [remo
val] ResourceLocation �е� ResourceLocation(String,String) �ѹ�ʱ, �ұ��Ϊ��ɾ��
    private static final ResourceLocation KEY_MODE = new ResourceLocation(TinkersNewlife.MOD_ID, "dragon_staff_mode");
                                                     ^
G:\TinkersNewlife\src\main\java\com\mofengbaizhi\tinkersnewlife\content\handler\DragonStaffHandler.java:49: ����: [remo
val] ResourceLocation �е� ResourceLocation(String,String) �ѹ�ʱ, �ұ��Ϊ��ɾ��
    private static final ResourceLocation KEY_SLOTS = new ResourceLocation(TinkersNewlife.MOD_ID, "dragon_staff_slots")
;
                                                      ^
G:\TinkersNewlife\src\main\java\com\mofengbaizhi\tinkersnewlife\content\handler\DragonStaffHandler.java:50: ����: [remo
val] ResourceLocation �е� ResourceLocation(String,String) �ѹ�ʱ, �ұ��Ϊ��ɾ��
    private static final ResourceLocation KEY_LAST_INTERACT_TIME = new ResourceLocation(TinkersNewlife.MOD_ID, "last_in
teract_time");
                                                                   ^
G:\TinkersNewlife\src\main\java\com\mofengbaizhi\tinkersnewlife\content\handler\DragonStaffHandler.java:51: ����: [remo
val] ResourceLocation �е� ResourceLocation(String,String) �ѹ�ʱ, �ұ��Ϊ��ɾ��
    private static final ResourceLocation KEY_OWNER = new ResourceLocation(TinkersNewlife.MOD_ID, "staff_owner");
                                                      ^
G:\TinkersNewlife\src\main\java\com\mofengbaizhi\tinkersnewlife\content\handler\DragonStaffHandler.java:64: ����: [remo
val] ResourceLocation �е� ResourceLocation(String,String) �ѹ�ʱ, �ұ��Ϊ��ɾ��
    private static final ModifierId DRAGON_STAFF_ID = new ModifierId(new ResourceLocation(TinkersNewlife.MOD_ID, Dragon
StaffTrait.MODIFIER_ID));
                                                                     ^
G:\TinkersNewlife\src\main\java\com\mofengbaizhi\tinkersnewlife\content\handler\DragonStaffHandler.java:273: ����: [rem
oval] ResourceLocation �е� ResourceLocation(String) �ѹ�ʱ, �ұ��Ϊ��ɾ��
                ResourceLocation typeId = new ResourceLocation(entry.getString("type"));
                                          ^
G:\TinkersNewlife\src\main\java\com\mofengbaizhi\tinkersnewlife\content\handler\DragonsteelHandler.java:33: ����: [remo
val] ResourceLocation �е� ResourceLocation(String,String) �ѹ�ʱ, �ұ��Ϊ��ɾ��
    private static final ModifierId DRAGONSTEEL_FIRE = new ModifierId(new ResourceLocation(TinkersNewlife.MOD_ID, "drag
onsteel_fire"));
                                                                      ^
G:\TinkersNewlife\src\main\java\com\mofengbaizhi\tinkersnewlife\content\handler\DragonsteelHandler.java:34: ����: [remo
val] ResourceLocation �е� ResourceLocation(String,String) �ѹ�ʱ, �ұ��Ϊ��ɾ��
    private static final ModifierId DRAGONSTEEL_ICE = new ModifierId(new ResourceLocation(TinkersNewlife.MOD_ID, "drago
nsteel_ice"));
                                                                     ^
G:\TinkersNewlife\src\main\java\com\mofengbaizhi\tinkersnewlife\content\handler\DragonsteelHandler.java:35: ����: [remo
val] ResourceLocation �е� ResourceLocation(String,String) �ѹ�ʱ, �ұ��Ϊ��ɾ��
    private static final ModifierId DRAGONSTEEL_LIGHTNING = new ModifierId(new ResourceLocation(TinkersNewlife.MOD_ID, 
"dragonsteel_lightning"));
                                                                           ^
G:\TinkersNewlife\src\main\java\com\mofengbaizhi\tinkersnewlife\content\handler\DreadsteelHandler.java:24: ����: [remov
al] ResourceLocation �е� ResourceLocation(String,String) �ѹ�ʱ, �ұ��Ϊ��ɾ��
    private static final ModifierId DREADSTEEL = new ModifierId(new ResourceLocation(TinkersNewlife.MOD_ID, "dreadsteel
"));
                                                                ^
G:\TinkersNewlife\src\main\java\com\mofengbaizhi\tinkersnewlife\content\handler\DurandalConversionHandler.java:28: ����
: [removal] ResourceLocation �е� ResourceLocation(String,String) �ѹ�ʱ, �ұ��Ϊ��ɾ��
            new ResourceLocation(TinkersNewlife.MOD_ID, "durandal");
            ^
G:\TinkersNewlife\src\main\java\com\mofengbaizhi\tinkersnewlife\content\handler\DurandalConversionHandler.java:33: ����
: [removal] ResourceLocation �е� ResourceLocation(String,String) �ѹ�ʱ, �ұ��Ϊ��ɾ��
        ALLOWED_TOOLS.add(new ResourceLocation(TinkersNewlife.MOD_ID, "flying_sword"));
                          ^
G:\TinkersNewlife\src\main\java\com\mofengbaizhi\tinkersnewlife\content\handler\DurandalConversionHandler.java:34: ����
: [removal] ResourceLocation �е� ResourceLocation(String,String) �ѹ�ʱ, �ұ��Ϊ��ɾ��
        ALLOWED_TOOLS.add(new ResourceLocation("tconstruct", "sword"));
                          ^
G:\TinkersNewlife\src\main\java\com\mofengbaizhi\tinkersnewlife\content\handler\DurandalConversionHandler.java:35: ����
: [removal] ResourceLocation �е� ResourceLocation(String,String) �ѹ�ʱ, �ұ��Ϊ��ɾ��
        ALLOWED_TOOLS.add(new ResourceLocation("tconstruct", "cleaver"));
                          ^
G:\TinkersNewlife\src\main\java\com\mofengbaizhi\tinkersnewlife\content\handler\FusRoDahHandler.java:29: ����: [removal
] ResourceLocation �е� ResourceLocation(String,String) �ѹ�ʱ, �ұ��Ϊ��ɾ��
    private static final ModifierId FUS_RO_DAH = new ModifierId(new ResourceLocation(TinkersNewlife.MOD_ID, "fus_ro_dah
"));
                                                                ^
G:\TinkersNewlife\src\main\java\com\mofengbaizhi\tinkersnewlife\content\handler\GorgonImmunityHandler.java:26: ����: [r
emoval] ResourceLocation �е� ResourceLocation(String,String) �ѹ�ʱ, �ұ��Ϊ��ɾ��
            new ResourceLocation("iceandfire", "stone_statue");
            ^
G:\TinkersNewlife\src\main\java\com\mofengbaizhi\tinkersnewlife\content\handler\HasturMaliceHandler.java:31: ����: [rem
oval] ResourceLocation �е� ResourceLocation(String,String) �ѹ�ʱ, �ұ��Ϊ��ɾ��
            new ResourceLocation(TinkersNewlife.MOD_ID, "hastur_malice")
            ^
G:\TinkersNewlife\src\main\java\com\mofengbaizhi\tinkersnewlife\content\handler\InfusionHandler.java:26: ����: [removal
] ResourceLocation �е� ResourceLocation(String,String) �ѹ�ʱ, �ұ��Ϊ��ɾ��
    private static final ModifierId DRAGON_BLOOD_INFUSION = new ModifierId(new ResourceLocation(TinkersNewlife.MOD_ID, 
"dragon_blood_infusion"));
                                                                           ^
G:\TinkersNewlife\src\main\java\com\mofengbaizhi\tinkersnewlife\content\handler\InfusionHandler.java:27: ����: [removal
] ResourceLocation �е� ResourceLocation(String,String) �ѹ�ʱ, �ұ��Ϊ��ɾ��
    private static final ModifierId DRAGON_BLOOD_TANK = new ModifierId(new ResourceLocation(TinkersNewlife.MOD_ID, "dra
gon_blood_tank"));
                                                                       ^
G:\TinkersNewlife\src\main\java\com\mofengbaizhi\tinkersnewlife\content\handler\LuckyDropHandler.java:35: ����: [remova
l] ResourceLocation �е� ResourceLocation(String,String) �ѹ�ʱ, �ұ��Ϊ��ɾ��
    private static final ModifierId LUCKY_DROP = new ModifierId(new ResourceLocation(TinkersNewlife.MOD_ID, "lucky_drop
"));
                                                                ^
G:\TinkersNewlife\src\main\java\com\mofengbaizhi\tinkersnewlife\content\handler\LuckyDropHandler.java:42: ����: [remova
l] ResourceLocation �е� ResourceLocation(String,String) �ѹ�ʱ, �ұ��Ϊ��ɾ��
        RARE_DROP_MAP.put(new ResourceLocation("iceandfire", "ghost"), new ResourceLocation("iceandfire", "ghost_ingot"
));
                          ^
G:\TinkersNewlife\src\main\java\com\mofengbaizhi\tinkersnewlife\content\handler\LuckyDropHandler.java:42: ����: [remova
l] ResourceLocation �е� ResourceLocation(String,String) �ѹ�ʱ, �ұ��Ϊ��ɾ��
        RARE_DROP_MAP.put(new ResourceLocation("iceandfire", "ghost"), new ResourceLocation("iceandfire", "ghost_ingot"
));
                                                                       ^
G:\TinkersNewlife\src\main\java\com\mofengbaizhi\tinkersnewlife\content\handler\LuckyDropHandler.java:43: ����: [remova
l] ResourceLocation �е� ResourceLocation(String,String) �ѹ�ʱ, �ұ��Ϊ��ɾ��
        RARE_DROP_MAP.put(new ResourceLocation("iceandfire", "hippogryph"), new ResourceLocation("iceandfire", "hippogr
yph_talon"));
                          ^
G:\TinkersNewlife\src\main\java\com\mofengbaizhi\tinkersnewlife\content\handler\LuckyDropHandler.java:43: ����: [remova
l] ResourceLocation �е� ResourceLocation(String,String) �ѹ�ʱ, �ұ��Ϊ��ɾ��
        RARE_DROP_MAP.put(new ResourceLocation("iceandfire", "hippogryph"), new ResourceLocation("iceandfire", "hippogr
yph_talon"));
                                                                            ^
G:\TinkersNewlife\src\main\java\com\mofengbaizhi\tinkersnewlife\content\handler\LuckyDropHandler.java:44: ����: [remova
l] ResourceLocation �е� ResourceLocation(String,String) �ѹ�ʱ, �ұ��Ϊ��ɾ��
        RARE_DROP_MAP.put(new ResourceLocation("iceandfire", "if_pixie"), new ResourceLocation("iceandfire", "pixie_win
gs"));
                          ^
G:\TinkersNewlife\src\main\java\com\mofengbaizhi\tinkersnewlife\content\handler\LuckyDropHandler.java:44: ����: [remova
l] ResourceLocation �е� ResourceLocation(String,String) �ѹ�ʱ, �ұ��Ϊ��ɾ��
        RARE_DROP_MAP.put(new ResourceLocation("iceandfire", "if_pixie"), new ResourceLocation("iceandfire", "pixie_win
gs"));
                                                                          ^
G:\TinkersNewlife\src\main\java\com\mofengbaizhi\tinkersnewlife\content\handler\LuckyDropHandler.java:45: ����: [remova
l] ResourceLocation �е� ResourceLocation(String,String) �ѹ�ʱ, �ұ��Ϊ��ɾ��
        RARE_DROP_MAP.put(new ResourceLocation("iceandfire", "hippocampus"), new ResourceLocation("iceandfire", "hippoc
ampus_fin"));
                          ^
G:\TinkersNewlife\src\main\java\com\mofengbaizhi\tinkersnewlife\content\handler\LuckyDropHandler.java:45: ����: [remova
l] ResourceLocation �е� ResourceLocation(String,String) �ѹ�ʱ, �ұ��Ϊ��ɾ��
        RARE_DROP_MAP.put(new ResourceLocation("iceandfire", "hippocampus"), new ResourceLocation("iceandfire", "hippoc
ampus_fin"));
                                                                             ^
G:\TinkersNewlife\src\main\java\com\mofengbaizhi\tinkersnewlife\content\handler\LuckyDropHandler.java:46: ����: [remova
l] ResourceLocation �е� ResourceLocation(String,String) �ѹ�ʱ, �ұ��Ϊ��ɾ��
        RARE_DROP_MAP.put(new ResourceLocation("iceandfire", "deathworm"), new ResourceLocation("iceandfire", "deathwor
m_tounge"));
                          ^
G:\TinkersNewlife\src\main\java\com\mofengbaizhi\tinkersnewlife\content\handler\LuckyDropHandler.java:46: ����: [remova
l] ResourceLocation �е� ResourceLocation(String,String) �ѹ�ʱ, �ұ��Ϊ��ɾ��
        RARE_DROP_MAP.put(new ResourceLocation("iceandfire", "deathworm"), new ResourceLocation("iceandfire", "deathwor
m_tounge"));
                                                                           ^
G:\TinkersNewlife\src\main\java\com\mofengbaizhi\tinkersnewlife\content\handler\LuckyDropHandler.java:47: ����: [remova
l] ResourceLocation �е� ResourceLocation(String,String) �ѹ�ʱ, �ұ��Ϊ��ɾ��
        RARE_DROP_MAP.put(new ResourceLocation("iceandfire", "if_cockatrice"), new ResourceLocation("iceandfire", "cock
atrice_eye"));
                          ^
G:\TinkersNewlife\src\main\java\com\mofengbaizhi\tinkersnewlife\content\handler\LuckyDropHandler.java:47: ����: [remova
l] ResourceLocation �е� ResourceLocation(String,String) �ѹ�ʱ, �ұ��Ϊ��ɾ��
        RARE_DROP_MAP.put(new ResourceLocation("iceandfire", "if_cockatrice"), new ResourceLocation("iceandfire", "cock
atrice_eye"));
                                                                               ^
G:\TinkersNewlife\src\main\java\com\mofengbaizhi\tinkersnewlife\content\handler\LuckyDropHandler.java:48: ����: [remova
l] ResourceLocation �е� ResourceLocation(String,String) �ѹ�ʱ, �ұ��Ϊ��ɾ��
        RARE_DROP_MAP.put(new ResourceLocation("iceandfire", "siren"), new ResourceLocation("iceandfire", "siren_tear")
);
                          ^
G:\TinkersNewlife\src\main\java\com\mofengbaizhi\tinkersnewlife\content\handler\LuckyDropHandler.java:48: ����: [remova
l] ResourceLocation �е� ResourceLocation(String,String) �ѹ�ʱ, �ұ��Ϊ��ɾ��
        RARE_DROP_MAP.put(new ResourceLocation("iceandfire", "siren"), new ResourceLocation("iceandfire", "siren_tear")
);
                                                                       ^
G:\TinkersNewlife\src\main\java\com\mofengbaizhi\tinkersnewlife\content\handler\RlyehCallHandler.java:131: ����: [remov
al] ResourceLocation �е� ResourceLocation(String) �ѹ�ʱ, �ұ��Ϊ��ɾ��
        SoundEvent caveSound = ForgeRegistries.SOUND_EVENTS.getValue(new ResourceLocation("ambient.cave"));
                                                                     ^
G:\TinkersNewlife\src\main\java\com\mofengbaizhi\tinkersnewlife\content\handler\RlyehCallHandler.java:132: ����: [remov
al] ResourceLocation �е� ResourceLocation(String) �ѹ�ʱ, �ұ��Ϊ��ɾ��
        SoundEvent enderSound = ForgeRegistries.SOUND_EVENTS.getValue(new ResourceLocation("entity.enderman.ambient"));
                                                                      ^
G:\TinkersNewlife\src\main\java\com\mofengbaizhi\tinkersnewlife\content\handler\StarChildArmorHandler.java:25: ����: [r
emoval] ResourceLocation �е� ResourceLocation(String,String) �ѹ�ʱ, �ұ��Ϊ��ɾ��
    private static final ResourceLocation TAG_KILLS = new ResourceLocation(TinkersNewlife.MOD_ID, "star_child_kills");
                                                      ^
G:\TinkersNewlife\src\main\java\com\mofengbaizhi\tinkersnewlife\content\handler\YogSothothTraitHandler.java:18: ����: [
removal] ResourceLocation �е� ResourceLocation(String,String) �ѹ�ʱ, �ұ��Ϊ��ɾ��
            new ResourceLocation(TinkersNewlife.MOD_ID, "yog_sothoth_gift")
            ^
G:\TinkersNewlife\src\main\java\com\mofengbaizhi\tinkersnewlife\content\item\CurseCoreItem.java:21: ����: [removal] Res
ourceLocation �е� ResourceLocation(String,String) �ѹ�ʱ, �ұ��Ϊ��ɾ��
            ToolDefinition.create(new ResourceLocation(TinkersNewlife.MOD_ID, "curse_core"));
                                  ^
G:\TinkersNewlife\src\main\java\com\mofengbaizhi\tinkersnewlife\content\item\DragonStaffItem.java:33: ����: [removal] R
esourceLocation �е� ResourceLocation(String,String) �ѹ�ʱ, �ұ��Ϊ��ɾ��
            ToolDefinition.create(new ResourceLocation(TinkersNewlife.MOD_ID, "dragon_staff"));
                                  ^
G:\TinkersNewlife\src\main\java\com\mofengbaizhi\tinkersnewlife\content\item\DurandalSwordItem.java:19: ����: [removal]
 ResourceLocation �е� ResourceLocation(String,String) �ѹ�ʱ, �ұ��Ϊ��ɾ��
            ToolDefinition.create(new ResourceLocation(TinkersNewlife.MOD_ID, "durandal_sword"));
                                  ^
G:\TinkersNewlife\src\main\java\com\mofengbaizhi\tinkersnewlife\content\item\FlyingSwordItem.java:34: ����: [removal] R
esourceLocation �е� ResourceLocation(String,String) �ѹ�ʱ, �ұ��Ϊ��ɾ��
            ToolDefinition.create(new ResourceLocation(TinkersNewlife.MOD_ID, "flying_sword"));
                                  ^
G:\TinkersNewlife\src\main\java\com\mofengbaizhi\tinkersnewlife\content\item\FlyingSwordItem.java:37: ����: [removal] R
esourceLocation �е� ResourceLocation(String,String) �ѹ�ʱ, �ұ��Ϊ��ɾ��
            new ModifierId(new ResourceLocation(TinkersNewlife.MOD_ID, "flying_sword"));
                           ^
G:\TinkersNewlife\src\main\java\com\mofengbaizhi\tinkersnewlife\content\item\FlyingSwordItem.java:39: ����: [removal] R
esourceLocation �е� ResourceLocation(String,String) �ѹ�ʱ, �ұ��Ϊ��ɾ��
            new ModifierId(new ResourceLocation("tconstruct", "unbreakable"));
                           ^
G:\TinkersNewlife\src\main\java\com\mofengbaizhi\tinkersnewlife\content\item\FlyingSwordItem.java:42: ����: [removal] R
esourceLocation �е� ResourceLocation(String,String) �ѹ�ʱ, �ұ��Ϊ��ɾ��
            new ResourceLocation(TinkersNewlife.MOD_ID, "flying_sword_mode");
            ^
G:\TinkersNewlife\src\main\java\com\mofengbaizhi\tinkersnewlife\content\item\ModularStaffItem.java:23: ����: [removal] 
ResourceLocation �е� ResourceLocation(String,String) �ѹ�ʱ, �ұ��Ϊ��ɾ��
            ToolDefinition.create(new ResourceLocation(TinkersNewlife.MOD_ID, "modular_staff"));
                                  ^
G:\TinkersNewlife\src\main\java\com\mofengbaizhi\tinkersnewlife\content\item\SilentGloveItem.java:48: ����: [removal] R
esourceLocation �е� ResourceLocation(String,String) �ѹ�ʱ, �ұ��Ϊ��ɾ��
            ToolDefinition.create(new ResourceLocation(TinkersNewlife.MOD_ID, "silent_glove"));
                                  ^
G:\TinkersNewlife\src\main\java\com\mofengbaizhi\tinkersnewlife\content\item\SilentGloveItem.java:55: ����: [removal] R
esourceLocation �е� ResourceLocation(String,String) �ѹ�ʱ, �ұ��Ϊ��ɾ��
            new ResourceLocation(TinkersNewlife.MOD_ID, "vault_uuid");
            ^
G:\TinkersNewlife\src\main\java\com\mofengbaizhi\tinkersnewlife\content\item\SilentGloveItem.java:57: ����: [removal] R
esourceLocation �е� ResourceLocation(String,String) �ѹ�ʱ, �ұ��Ϊ��ɾ��
            new ResourceLocation(TinkersNewlife.MOD_ID, "extra_rings");
            ^
G:\TinkersNewlife\src\main\java\com\mofengbaizhi\tinkersnewlife\content\item\SilentGloveItem.java:62: ����: [removal] R
esourceLocation �е� ResourceLocation(String,String) �ѹ�ʱ, �ұ��Ϊ��ɾ��
            new ResourceLocation(TinkersNewlife.MOD_ID, "ring_bonus")
            ^
G:\TinkersNewlife\src\main\java\com\mofengbaizhi\tinkersnewlife\content\item\WarScytheItem.java:43: ����: [removal] Res
ourceLocation �е� ResourceLocation(String,String) �ѹ�ʱ, �ұ��Ϊ��ɾ��
            ToolDefinition.create(new ResourceLocation(TinkersNewlife.MOD_ID, "war_scythe"));
                                  ^
G:\TinkersNewlife\src\main\java\com\mofengbaizhi\tinkersnewlife\content\item\WarScytheItem.java:84: ����: [removal] Res
ourceLocation �е� ResourceLocation(String,String) �ѹ�ʱ, �ұ��Ϊ��ɾ��
            Attribute reachAttr = BuiltInRegistries.ATTRIBUTE.get(new ResourceLocation("forge", "reach_distance"));
                                                                  ^
G:\TinkersNewlife\src\main\java\com\mofengbaizhi\tinkersnewlife\content\item\YoYoItem.java:34: ����: [removal] Resource
Location �е� ResourceLocation(String,String) �ѹ�ʱ, �ұ��Ϊ��ɾ��
            ToolDefinition.create(new ResourceLocation(TinkersNewlife.MOD_ID, "yo_yo"));
                                  ^
G:\TinkersNewlife\src\main\java\com\mofengbaizhi\tinkersnewlife\content\ModCreativeTabs.java:51: ����: [removal] Resour
ceLocation �е� ResourceLocation(String,String) �ѹ�ʱ, �ұ��Ϊ��ɾ��
                                            new ResourceLocation("patchouli", "guide_book"));
                                            ^
G:\TinkersNewlife\src\main\java\com\mofengbaizhi\tinkersnewlife\content\ModCurios.java:16: ����: [removal] top.theillus
ivec4.curios.api �е� SlotTypeMessage �ѹ�ʱ, �ұ��Ϊ��ɾ��
        InterModComms.sendTo(CuriosApi.MODID, SlotTypeMessage.REGISTER_TYPE,
                                              ^
G:\TinkersNewlife\src\main\java\com\mofengbaizhi\tinkersnewlife\content\ModCurios.java:17: ����: [removal] top.theillus
ivec4.curios.api �е� SlotTypeMessage �ѹ�ʱ, �ұ��Ϊ��ɾ��
                () -> new SlotTypeMessage.Builder("hands")
                          ^
G:\TinkersNewlife\src\main\java\com\mofengbaizhi\tinkersnewlife\content\ModCurios.java:17: ����: [removal] SlotTypeMess
age �е� Builder �ѹ�ʱ, �ұ��Ϊ��ɾ��
                () -> new SlotTypeMessage.Builder("hands")
                                         ^
G:\TinkersNewlife\src\main\java\com\mofengbaizhi\tinkersnewlife\content\ModCurios.java:17: ����: [removal] Builder �е� 
Builder(String) �ѹ�ʱ, �ұ��Ϊ��ɾ��
                () -> new SlotTypeMessage.Builder("hands")
                      ^
G:\TinkersNewlife\src\main\java\com\mofengbaizhi\tinkersnewlife\content\ModCurios.java:18: ����: [removal] Builder �е� 
size(int) �ѹ�ʱ, �ұ��Ϊ��ɾ��
                        .size(2)
                        ^
G:\TinkersNewlife\src\main\java\com\mofengbaizhi\tinkersnewlife\content\ModCurios.java:19: ����: [removal] Builder �е� 
build() �ѹ�ʱ, �ұ��Ϊ��ɾ��
                        .build()
                        ^
G:\TinkersNewlife\src\main\java\com\mofengbaizhi\tinkersnewlife\content\ModCurios.java:23: ����: [removal] top.theillus
ivec4.curios.api �е� SlotTypeMessage �ѹ�ʱ, �ұ��Ϊ��ɾ��
        InterModComms.sendTo(CuriosApi.MODID, SlotTypeMessage.REGISTER_TYPE,
                                              ^
G:\TinkersNewlife\src\main\java\com\mofengbaizhi\tinkersnewlife\content\ModCurios.java:24: ����: [removal] top.theillus
ivec4.curios.api �е� SlotTypeMessage �ѹ�ʱ, �ұ��Ϊ��ɾ��
                () -> new SlotTypeMessage.Builder("ring")
                          ^
G:\TinkersNewlife\src\main\java\com\mofengbaizhi\tinkersnewlife\content\ModCurios.java:24: ����: [removal] SlotTypeMess
age �е� Builder �ѹ�ʱ, �ұ��Ϊ��ɾ��
                () -> new SlotTypeMessage.Builder("ring")
                                         ^
G:\TinkersNewlife\src\main\java\com\mofengbaizhi\tinkersnewlife\content\ModCurios.java:24: ����: [removal] Builder �е� 
Builder(String) �ѹ�ʱ, �ұ��Ϊ��ɾ��
                () -> new SlotTypeMessage.Builder("ring")
                      ^
G:\TinkersNewlife\src\main\java\com\mofengbaizhi\tinkersnewlife\content\ModCurios.java:25: ����: [removal] Builder �е� 
size(int) �ѹ�ʱ, �ұ��Ϊ��ɾ��
                        .size(1)
                        ^
G:\TinkersNewlife\src\main\java\com\mofengbaizhi\tinkersnewlife\content\ModCurios.java:26: ����: [removal] Builder �е� 
build() �ѹ�ʱ, �ұ��Ϊ��ɾ��
                        .build()
                        ^
G:\TinkersNewlife\src\main\java\com\mofengbaizhi\tinkersnewlife\content\ModCurios.java:29: ����: [removal] top.theillus
ivec4.curios.api �е� SlotTypeMessage �ѹ�ʱ, �ұ��Ϊ��ɾ��
        InterModComms.sendTo(CuriosApi.MODID, SlotTypeMessage.REGISTER_TYPE,
                                              ^
G:\TinkersNewlife\src\main\java\com\mofengbaizhi\tinkersnewlife\content\ModCurios.java:30: ����: [removal] top.theillus
ivec4.curios.api �е� SlotTypeMessage �ѹ�ʱ, �ұ��Ϊ��ɾ��
                () -> new SlotTypeMessage.Builder("feet")
                          ^
G:\TinkersNewlife\src\main\java\com\mofengbaizhi\tinkersnewlife\content\ModCurios.java:30: ����: [removal] SlotTypeMess
age �е� Builder �ѹ�ʱ, �ұ��Ϊ��ɾ��
                () -> new SlotTypeMessage.Builder("feet")
                                         ^
G:\TinkersNewlife\src\main\java\com\mofengbaizhi\tinkersnewlife\content\ModCurios.java:30: ����: [removal] Builder �е� 
Builder(String) �ѹ�ʱ, �ұ��Ϊ��ɾ��
                () -> new SlotTypeMessage.Builder("feet")
                      ^
G:\TinkersNewlife\src\main\java\com\mofengbaizhi\tinkersnewlife\content\ModCurios.java:31: ����: [removal] Builder �е� 
size(int) �ѹ�ʱ, �ұ��Ϊ��ɾ��
                        .size(1)
                        ^
G:\TinkersNewlife\src\main\java\com\mofengbaizhi\tinkersnewlife\content\ModCurios.java:32: ����: [removal] Builder �е� 
build() �ѹ�ʱ, �ұ��Ϊ��ɾ��
                        .build()
                        ^
G:\TinkersNewlife\src\main\java\com\mofengbaizhi\tinkersnewlife\content\ModCurios.java:36: ����: [removal] top.theillus
ivec4.curios.api �е� SlotTypeMessage �ѹ�ʱ, �ұ��Ϊ��ɾ��
        InterModComms.sendTo(CuriosApi.MODID, SlotTypeMessage.REGISTER_TYPE,
                                              ^
G:\TinkersNewlife\src\main\java\com\mofengbaizhi\tinkersnewlife\content\ModCurios.java:39: ����: [removal] ResourceLoca
tion �е� ResourceLocation(String,String) �ѹ�ʱ, �ұ��Ϊ��ɾ��
                        .icon(new net.minecraft.resources.ResourceLocation(TinkersNewlife.MOD_ID, "item/gheloth_remains
"))
                              ^
G:\TinkersNewlife\src\main\java\com\mofengbaizhi\tinkersnewlife\content\ModCurios.java:37: ����: [removal] top.theillus
ivec4.curios.api �е� SlotTypeMessage �ѹ�ʱ, �ұ��Ϊ��ɾ��
                () -> new SlotTypeMessage.Builder("curse_core")
                          ^
G:\TinkersNewlife\src\main\java\com\mofengbaizhi\tinkersnewlife\content\ModCurios.java:37: ����: [removal] SlotTypeMess
age �е� Builder �ѹ�ʱ, �ұ��Ϊ��ɾ��
                () -> new SlotTypeMessage.Builder("curse_core")
                                         ^
G:\TinkersNewlife\src\main\java\com\mofengbaizhi\tinkersnewlife\content\ModCurios.java:37: ����: [removal] Builder �е� 
Builder(String) �ѹ�ʱ, �ұ��Ϊ��ɾ��
                () -> new SlotTypeMessage.Builder("curse_core")
                      ^
G:\TinkersNewlife\src\main\java\com\mofengbaizhi\tinkersnewlife\content\ModCurios.java:38: ����: [removal] Builder �е� 
size(int) �ѹ�ʱ, �ұ��Ϊ��ɾ��
                        .size(1)
                        ^
G:\TinkersNewlife\src\main\java\com\mofengbaizhi\tinkersnewlife\content\ModCurios.java:39: ����: [removal] Builder �е� 
icon(ResourceLocation) �ѹ�ʱ, �ұ��Ϊ��ɾ��
                        .icon(new net.minecraft.resources.ResourceLocation(TinkersNewlife.MOD_ID, "item/gheloth_remains
"))
                        ^
G:\TinkersNewlife\src\main\java\com\mofengbaizhi\tinkersnewlife\content\ModCurios.java:40: ����: [removal] Builder �е� 
build() �ѹ�ʱ, �ұ��Ϊ��ɾ��
                        .build()
                        ^
G:\TinkersNewlife\src\main\java\com\mofengbaizhi\tinkersnewlife\content\ModFluids.java:50: ����: [removal] ResourceLoca
tion �е� ResourceLocation(String,String) �ѹ�ʱ, �ұ��Ϊ��ɾ��
                new ResourceLocation(TinkersNewlife.MOD_ID, "block/" + name + "_still"),   // Ĭ��������󱸣�
                ^
G:\TinkersNewlife\src\main\java\com\mofengbaizhi\tinkersnewlife\content\modifier\DragonboneTrait.java:12: ����: [remova
l] ResourceLocation �е� ResourceLocation(String,String) �ѹ�ʱ, �ұ��Ϊ��ɾ��
    private static final ModifierId DRAGONBONE_ID = new ModifierId(new ResourceLocation(TinkersNewlife.MOD_ID, "dragonb
one"));
                                                                   ^
ע: ĳЩ�����ļ�ʹ�û򸲸����ѹ�ʱ�� API��
ע: �й���ϸ��Ϣ, ��ʹ�� -Xlint:deprecation ���±��롣
ע: ĳЩ�����ļ�����ʹ�û򸲸��˱��Ϊ��ɾ�����ѹ�ʱ API��
ע: G:\TinkersNewlife\src\main\java\com\mofengbaizhi\tinkersnewlife\content\ModFluids.javaʹ����δ�����򲻰�ȫ�Ĳ�����
ע: �й���ϸ��Ϣ, ��ʹ�� -Xlint:unchecked ���±��롣
ע: ĳЩ��Ϣ�Ѿ�����; ��ʹ�� -Xdiags:verbose ���±����Ի���������
33 ������
100 ������

> Task :compileJava FAILED

FAILURE: Build failed with an exception.

* What went wrong:
Execution failed for task ':compileJava'.
> Compilation failed; see the compiler error output for details.

* Try:
> Run with --info option to get more log output.
> Run with --scan to get full insights.

Deprecated Gradle features were used in this build, making it incompatible with Gradle 9.0.

You can use '--warning-mode all' to show the individual deprecation warnings and determine if they come from your own scripts or plugins.

For more on this, please refer to https://docs.gradle.org/8.8/userguide/command_line_interface.html#sec:command_line_warnings in the Gradle documentation.

BUILD FAILED in 8s
1 actionable task: 1 executed
